// Jest Snapshot v1, https://goo.gl/fbAQLP

exports[`renders correctly when there are no items 1`] = `
<div
  className="main-container"
>
  <p>
    Let's Do Some Math!
  </p>
  <div
    className="box-container"
  >
    <div
      className="screen"
    >
      0
    </div>
    <button
      className="btn"
      onClick={[Function]}
      type="button"
    >
      AC
    </button>
    <button
      className="btn"
      onClick={[Function]}
      type="button"
    >
      +/-
    </button>
    <button
      className="btn"
      onClick={[Function]}
      type="button"
    >
      %
    </button>
    <button
      className="btn hover-btn"
      onClick={[Function]}
      type="button"
    >
      รท
    </button>
    <button
      className="btn"
      onClick={[Function]}
      type="button"
    >
      7
    </button>
    <button
      className="btn"
      onClick={[Function]}
      type="button"
    >
      8
    </button>
    <button
      className="btn"
      onClick={[Function]}
      type="button"
    >
      9
    </button>
    <button
      className="btn hover-btn"
      onClick={[Function]}
      type="button"
    >
      x
    </button>
    <button
      className="btn"
      onClick={[Function]}
      type="button"
    >
      4
    </button>
    <button
      className="btn"
      onClick={[Function]}
      type="button"
    >
      5
    </button>
    <button
      className="btn"
      onClick={[Function]}
      type="button"
    >
      6
    </button>
    <button
      className="btn hover-btn"
      onClick={[Function]}
      type="button"
    >
      -
    </button>
    <button
      className="btn"
      onClick={[Function]}
      type="button"
    >
      1
    </button>
    <button
      className="btn"
      onClick={[Function]}
      type="button"
    >
      2
    </button>
    <button
      className="btn"
      onClick={[Function]}
      type="button"
    >
      3
    </button>
    <button
      className="btn hover-btn"
      onClick={[Function]}
      type="button"
    >
      +
    </button>
    <button
      className="btn screen-num"
      onClick={[Function]}
      type="button"
    >
      0
    </button>
    <button
      className="btn"
      onClick={[Function]}
      type="button"
    >
      .
    </button>
    <button
      className="btn hover-btn"
      onClick={[Function]}
      type="button"
    >
      =
    </button>
  </div>
</div>
`;
